2026-05-30  4:58:01 0 [Note] Starting MariaDB 12.3.2-MariaDB source revision 9f98f82b14a9b939834281672b6d0cf965db69a3 server_uid Hn7MQ55TOD5s9uj5Zs/kkwuYG0c= as process 35228
2026-05-30  4:58:01 0 [Note] InnoDB: The first data file './ibdata1' did not exist. A new tablespace will be created!
2026-05-30  4:58:01 0 [Note] InnoDB: Compressed tables use zlib 1.3.2
2026-05-30  4:58:01 0 [Note] InnoDB: Number of transaction pools: 1
2026-05-30  4:58:01 0 [Note] InnoDB: Using crc32 + pclmulqdq instructions
2026-05-30  4:58:01 0 [Note] InnoDB: Using ThreadPool
2026-05-30  4:58:01 0 [Note] InnoDB: innodb_buffer_pool_size_max=8388611m, innodb_buffer_pool_size=21m
2026-05-30  4:58:01 0 [Note] InnoDB: Completed initialization of buffer pool
2026-05-30  4:58:01 0 [Note] InnoDB: Setting file './ibdata1' size to 12.000MiB. Physically writing the file full; Please wait ...
2026-05-30  4:58:01 0 [Note] InnoDB: File './ibdata1' size is now 12.000MiB.
2026-05-30  4:58:01 0 [Note] InnoDB: File system buffers for log disabled (block size=4096 bytes)
2026-05-30  4:58:01 0 [Note] InnoDB: Data file .//undo001 did not exist: new to be created
2026-05-30  4:58:01 0 [Note] InnoDB: Setting file .//undo001 size to 10.000MiB
2026-05-30  4:58:01 0 [Note] InnoDB: Database physically writes the file full: wait...
2026-05-30  4:58:01 0 [Note] InnoDB: Data file .//undo002 did not exist: new to be created
2026-05-30  4:58:01 0 [Note] InnoDB: Setting file .//undo002 size to 10.000MiB
2026-05-30  4:58:01 0 [Note] InnoDB: Database physically writes the file full: wait...
2026-05-30  4:58:01 0 [Note] InnoDB: Data file .//undo003 did not exist: new to be created
2026-05-30  4:58:01 0 [Note] InnoDB: Setting file .//undo003 size to 10.000MiB
2026-05-30  4:58:01 0 [Note] InnoDB: Database physically writes the file full: wait...
2026-05-30  4:58:01 0 [Note] InnoDB: Doublewrite buffer not found: creating new
2026-05-30  4:58:01 0 [Note] InnoDB: Doublewrite buffer created
2026-05-30  4:58:01 0 [Note] InnoDB: Opened 3 undo tablespaces
2026-05-30  4:58:01 0 [Note] InnoDB: 128 rollback segments in 3 undo tablespaces are active.
2026-05-30  4:58:01 0 [Note] InnoDB: Setting file './ibtmp1' size to 12.000MiB. Physically writing the file full; Please wait ...
2026-05-30  4:58:01 0 [Note] InnoDB: File './ibtmp1' size is now 12.000MiB.
2026-05-30  4:58:01 0 [Note] InnoDB: log sequence number 0; transaction id 3
2026-05-30  4:58:01 0 [Note] Plugin 'FEEDBACK' is disabled.
2026-05-30  4:58:01 0 [Note] mysqld.exe: SSPI: using principal name 'localhost', mech 'Negotiate'
2026-05-30 18:43:55 0 [Note] Starting MariaDB 12.3.2-MariaDB source revision 9f98f82b14a9b939834281672b6d0cf965db69a3 server_uid RfmvJUi5By8e7k/3x+odJqVWwDk= as process 15544
2026-05-30 18:43:55 0 [Note] InnoDB: Compressed tables use zlib 1.3.2
2026-05-30 18:43:55 0 [Note] InnoDB: Number of transaction pools: 1
2026-05-30 18:43:55 0 [Note] InnoDB: Using crc32 + pclmulqdq instructions
2026-05-30 18:43:55 0 [Note] InnoDB: Using ThreadPool
2026-05-30 18:43:55 0 [Note] InnoDB: innodb_buffer_pool_size_max=8388608m, innodb_buffer_pool_size=4056m
2026-05-30 18:43:55 0 [Note] InnoDB: Completed initialization of buffer pool
2026-05-30 18:43:55 0 [Note] InnoDB: File system buffers for log disabled (block size=4096 bytes)
2026-05-30 18:43:55 0 [Note] InnoDB: Starting crash recovery from checkpoint LSN=45093
2026-05-30 18:43:55 0 [Note] InnoDB: End of log at LSN=683680
2026-05-30 18:43:55 0 [Note] InnoDB: To recover: 469 pages
2026-05-30 18:43:55 0 [Note] InnoDB: Opened 3 undo tablespaces
2026-05-30 18:43:55 0 [Note] InnoDB: 128 rollback segments in 3 undo tablespaces are active.
2026-05-30 18:43:55 0 [Note] InnoDB: Removed temporary tablespace data file: "./ibtmp1"
2026-05-30 18:43:55 0 [Note] InnoDB: Setting file './ibtmp1' size to 12.000MiB. Physically writing the file full; Please wait ...
2026-05-30 18:43:55 0 [Note] InnoDB: File './ibtmp1' size is now 12.000MiB.
2026-05-30 18:43:55 0 [Note] InnoDB: log sequence number 683680; transaction id 449
2026-05-30 18:43:55 0 [Note] Plugin 'FEEDBACK' is disabled.
2026-05-30 18:43:55 0 [Note] InnoDB: Loading buffer pool(s) from d:\gd\business-application\mariadb-data\ib_buffer_pool
2026-05-30 18:43:55 0 [Note] mariadbd.exe: SSPI: using principal name 'localhost', mech 'Negotiate'
2026-05-30 18:43:55 0 [Note] InnoDB: Buffer pool(s) load completed at 260530 18:43:55
2026-05-30 18:43:55 0 [Note] Recovering after a crash using tc.log
2026-05-30 18:43:55 0 [Note] Starting table crash recovery...
2026-05-30 18:43:55 0 [Note] Crash table recovery finished.
2026-05-30 18:43:56 0 [Note] Server socket created on IP: '127.0.0.1', port: '3306'.
2026-05-30 18:43:56 0 [Note] mariadbd.exe: Event Scheduler: Loaded 0 events
2026-05-30 18:43:56 0 [Note] C:\Program Files\MariaDB 12.3\bin\mariadbd.exe: ready for connections.
Version: '12.3.2-MariaDB'  socket: ''  port: 3306  MariaDB Server
2026-06-04 12:12:36 0 [Note] console_event_handler: received CTRL_CLOSE_EVENT event, terminating
